in_words(Word = inadequate, Definition = j. not sufficient to meet a need)
in_words(Word = incentive, Definition = n. a positive motivational influence)
in_words(Word = incidence, Definition = n. the relative frequency of occurrence of something)
in_words(Word = incident, Definition = n. a public disturbance)
in_words(Word = incidentally, Definition = a. of a minor or subordinate nature)
in_words(Word = inclined, Definition = j. at an angle to the horizontal or vertical position)
in_words(Word = incompetence, Definition = n. lack of physical or intellectual ability or qualifications)
in_words(Word = inconsistent, Definition = j. displaying a lack of consistency)
in_words(Word = inconvenient, Definition = j. not suited to your comfort, purpose or needs)
in_words(Word = indefinitely, Definition = a. to an indefinite extent; for an indefinite time)
in_words(Word = indicator, Definition = n. a device for showing the operating condition of some system)
in_words(Word = indifferent, Definition = j. showing no care or concern in attitude or action)
in_words(Word = indigenous, Definition = j. originating where it is found)
in_words(Word = indulge, Definition = v. enjoy to excess)
in_words(Word = inefficient, Definition = j. not producing desired results; wasteful)
in_words(Word = inept, Definition = j. generally incompetent and ineffectual)
in_words(Word = inevitable, Definition = j. incapable of being avoided or prevented)
in_words(Word = inexpensive, Definition = j. relatively low in price or charging low prices)
in_words(Word = infamous, Definition = j. known widely and usually unfavorably)
in_words(Word = infinite, Definition = j. having no limits or boundaries in time or space or extent or magnitude)
in_words(Word = influence, Definition = n. a power to affect persons or events especially power based on prestige etc)
in_words(Word = influential, Definition = j. having or exercising influence or power)
in_words(Word = influx, Definition = n. the process of flowing in)
in_words(Word = ingenious, Definition = j. showing inventiveness and skill)
in_words(Word = inherent, Definition = j. in the nature of something though not readily apparent)
in_words(Word = injunction, Definition = n. (law) a judicial remedy issued in order to prohibit a party from doing or continuing to do a certain activity)
in_words(Word = inland, Definition = a. towards or into the interior of a region)
in_words(Word = insight, Definition = n. the clear (and often sudden) understanding of a complex situation)
in_words(Word = insistence, Definition = n. the state of demanding notice or attention)
in_words(Word = inspector, Definition = n. a high ranking police officer)
in_words(Word = instance, Definition = n. an occurrence of something)
in_words(Word = instant, Definition = n. a very short time)
in_words(Word = insufficient, Definition = j. of a quantity not able to fulfill a need or requirement)
in_words(Word = integral, Definition = j. essential to completeness; lacking nothing)
in_words(Word = integrity, Definition = n. moral soundness)
in_words(Word = intellectual, Definition = j. appealing to or using the intellect)
in_words(Word = intelligence, Definition = n. the ability to comprehend; to understand and profit from experience)
in_words(Word = intensive, Definition = j. characterized by a high degree or intensity; often used as a combining form)
in_words(Word = intention, Definition = n. an act of intending; a volition that you intend to carry out)
in_words(Word = interact, Definition = v. act together or towards others or with others)
in_words(Word = interim, Definition = n. the time between one event, process, or period and another)
in_words(Word = intermediate, Definition = j. lying between two extremes in time or space or state)
in_words(Word = intervene, Definition = v. get involved, so as to alter or hinder an action, or through force or threat of force)
in_words(Word = intervention, Definition = n. the act of intervening (as to mediate a dispute, etc.))
in_words(Word = intimacy, Definition = n. close or warm friendship)
in_words(Word = intricate, Definition = j. having many complexly arranged elements; elaborate)
in_words(Word = invasion, Definition = n. any entry into an area not previously occupied)
in_words(Word = inventive, Definition = j. (used of persons or artifacts) marked by independence and creativity in thought or action)
in_words(Word = investigator, Definition = n. a police officer who investigates crimes)
in_words(Word = investor, Definition = n. someone who commits capital in order to gain financial returns)
in_words(Word = invincible, Definition = j. incapable of being overcome or subdued)
in_words(Word = invoke, Definition = v. cite as an authority; resort to)
in_words(Word = involuntary, Definition = j. not subject to the control of the will)
in_words(Word = involve, Definition = v. engage as a participant)